// Jest Snapshot v1, https://goo.gl/fbAQLP

exports[`Dashboard component test 1`] = `
<div>
  <h1>
    Dashboard
  </h1>
  <React.Memo />
  <ul>
    <React.Memo
      amount={100}
      createdAt={"1970-01-02T00:00:00.000Z"}
      description="eg"
      dispatch={[Function]}
      id="eg"
      key="eg"
    />
  </ul>
</div>
`;
